__hash:v
_hash:Wa
_meta:va
_rest:tb
afn:fb
arr:i
base:ub
bitmap:R
buf:bc
buffer_:Da
chunk:ma
chunk_next:Zb
ci:pb
cljs$core$IAssociative$:Jb
cljs$core$IAssociative$_assoc$arity$3:Aa
cljs$core$IAssociative$_contains_key_QMARK_$arity$2:Xa
cljs$core$IChunk$_drop_first$arity$1:Bb
cljs$core$IChunkedNext$_chunked_next$arity$1:Cb
cljs$core$IChunkedSeq$:ec
cljs$core$IChunkedSeq$_chunked_first$arity$1:wb
cljs$core$IChunkedSeq$_chunked_rest$arity$1:qb
cljs$core$ICollection$:fc
cljs$core$ICollection$_conj$arity$2:W
cljs$core$IComparable$:gb
cljs$core$IComparable$_compare$arity$2:Ya
cljs$core$ICounted$:Db
cljs$core$ICounted$_count$arity$1:N
cljs$core$IDeref$_deref$arity$1:Kb
cljs$core$IEditableCollection$:Lb
cljs$core$IEditableCollection$_as_transient$arity$1:Za
cljs$core$IEmptyableCollection$:Mb
cljs$core$IEmptyableCollection$_empty$arity$1:X
cljs$core$IEncodeClojure$:hc
cljs$core$IEncodeClojure$_js__GT_clj$arity$2:Nb
cljs$core$IEncodeJS$:Ob
cljs$core$IEncodeJS$_clj__GT_js$arity$1:Pb
cljs$core$IEquiv$_equiv$arity$2:P
cljs$core$IFind$_find$arity$2:hb
cljs$core$IFn$_invoke$arity$0:C
cljs$core$IFn$_invoke$arity$1:D
cljs$core$IFn$_invoke$arity$10:Ea
cljs$core$IFn$_invoke$arity$11:Fa
cljs$core$IFn$_invoke$arity$12:Ga
cljs$core$IFn$_invoke$arity$13:Ha
cljs$core$IFn$_invoke$arity$14:Ia
cljs$core$IFn$_invoke$arity$15:Ja
cljs$core$IFn$_invoke$arity$16:Ka
cljs$core$IFn$_invoke$arity$17:La
cljs$core$IFn$_invoke$arity$18:Ma
cljs$core$IFn$_invoke$arity$19:Na
cljs$core$IFn$_invoke$arity$2:h
cljs$core$IFn$_invoke$arity$20:Oa
cljs$core$IFn$_invoke$arity$21:xb
cljs$core$IFn$_invoke$arity$3:l
cljs$core$IFn$_invoke$arity$4:ja
cljs$core$IFn$_invoke$arity$5:xa
cljs$core$IFn$_invoke$arity$6:Pa
cljs$core$IFn$_invoke$arity$7:Qa
cljs$core$IFn$_invoke$arity$8:Ra
cljs$core$IFn$_invoke$arity$9:Sa
cljs$core$IFn$_invoke$arity$variadic:A
cljs$core$IHash$:dc
cljs$core$IHash$_hash$arity$1:S
cljs$core$IIndexed$:Eb
cljs$core$IIndexed$_nth$arity$2:Z
cljs$core$IIndexed$_nth$arity$3:na
cljs$core$IIterable$:jc
cljs$core$IIterable$_iterator$arity$1:oa
cljs$core$IKVReduce$:Qb
cljs$core$IKVReduce$_kv_reduce$arity$3:rb
cljs$core$IList$:kc
cljs$core$ILookup$:Rb
cljs$core$ILookup$_lookup$arity$2:ka
cljs$core$ILookup$_lookup$arity$3:I
cljs$core$IMap$:lc
cljs$core$IMapEntry$:mc
cljs$core$IMapEntry$_key$arity$1:Sb
cljs$core$IMapEntry$_val$arity$1:Tb
cljs$core$IMeta$:Ub
cljs$core$IMeta$_meta$arity$1:T
cljs$core$INamed$:Vb
cljs$core$INext$:ib
cljs$core$INext$_next$arity$1:$
cljs$core$IPrintWithWriter$:Y
cljs$core$IPrintWithWriter$_pr_writer$arity$3:O
cljs$core$IRecord$:nc
cljs$core$IReduce$:Wb
cljs$core$IReduce$_reduce$arity$2:aa
cljs$core$IReduce$_reduce$arity$3:ba
cljs$core$IReversible$:oc
cljs$core$IReversible$_rseq$arity$1:sb
cljs$core$ISeq$:$a
cljs$core$ISeq$_first$arity$1:ca
cljs$core$ISeq$_rest$arity$1:fa
cljs$core$ISeqable$:Xb
cljs$core$ISeqable$_seq$arity$1:M
cljs$core$ISequential$:Fb
cljs$core$ISet$:sc
cljs$core$ITransientAssociative$_assoc_BANG_$arity$3:ab
cljs$core$ITransientCollection$_conj_BANG_$arity$2:bb
cljs$core$ITransientCollection$_persistent_BANG_$arity$1:jb
cljs$core$IVector$:qc
cljs$core$IVector$_assoc_n$arity$3:yb
cljs$core$IWithMeta$_with_meta$arity$2:U
cljs$core$IWriter$_write$arity$2:Gb
cljs$lang$applyTo:G
cljs$lang$ctorPrWriter:rc
cljs$lang$ctorStr:zb
cljs$lang$maxFixedArity:J
cljs$lang$protocol_mask$partition$:Hb
cljs$lang$protocol_mask$partition0$:j
cljs$lang$protocol_mask$partition1$:B
cljs$lang$type:Yb
cnt:m
collision_hash:Ba
edit:H
editable_QMARK_:cb
ensure_editable:Ta
fn:kb
fqn:pa
hasNext:da
has_nil_QMARK_:ga
hash_map:ya
i:o
inode_assoc:qa
inode_assoc_BANG_:ra
inode_find:lb
inode_lookup:Ca
inode_seq:mb
iter:eb
kv_reduce:nb
len:Ua
meta:u
meta6800:cc
more:sa
mseq:F
next_entry:ob
next_iter:ta
nil_val:ea
nodes:ua
ns:ha
off:V
rest:za
root_iter:Ib
sb:$b
seen:Ab
str:wa
tail:ia
transient_map:Va
v:ac
val:K
vec:la
