G__8816$jscomp$inline_556:Qh
G__8817$jscomp$inline_557:Rh
JSCompiler_StaticMethods_assoc_BANG_:Qe
JSCompiler_StaticMethods_cljs$core$ITransientVector$_assoc_n_BANG_$arity$3:Zd
JSCompiler_StaticMethods_sval:Tc
JSCompiler_prototypeAlias:g
L 0:a
L 1:b
L 10:n
L 11:p
L 12:q
L 13:r
L 14:x
L 15:A
L 16:D
L 17:J
L 18:N
L 19:Y
L 2:c
L 20:ha
L 21:Ga
L 22:fd
L 23:Ih
L 24:Pc
L 3:d
L 4:e
L 5:f
L 6:h
L 7:k
L 8:l
L 9:m
cljs$core$ArrayChunk:Vc
cljs$core$ArrayNode:ye
cljs$core$ArrayNodeIterator:xe
cljs$core$ArrayNodeSeq:Je
cljs$core$BitmapIndexedNode:we
cljs$core$BitmapIndexedNode$EMPTY:Ee
cljs$core$Box:re
cljs$core$ChunkBuffer:Uc
cljs$core$ChunkedCons:Wc
cljs$core$ChunkedSeq:Rd
cljs$core$Cons:Oc
cljs$core$ES6EntriesIterator:ce
cljs$core$ES6Iterator:Fb
cljs$core$ES6IteratorSeq:Hb
cljs$core$ES6SetEntriesIterator:ee
cljs$core$EmptyList:Lc
cljs$core$ExceptionInfo:Df
cljs$core$HashCollisionNode:Ae
cljs$core$HashMapIter:Ne
cljs$core$HashSetIter:Ve
cljs$core$IAssociative:Ba
cljs$core$ICollection:ua
cljs$core$IComparable:gb
cljs$core$ICounted:qa
cljs$core$IEmptyableCollection:sa
cljs$core$IEncodeClojure:yf
cljs$core$IEncodeJS:vf
cljs$core$IIndexed:wa
cljs$core$IIndexed$_nth$dyn_7942:wh
cljs$core$IIterable:lb
cljs$core$IKVReduce:Qa
cljs$core$IList:Xa
cljs$core$ILookup:Aa
cljs$core$ILookup$_lookup$dyn_7948:xh
cljs$core$IMap:Fa
cljs$core$IMeta:Ma
cljs$core$INext:za
cljs$core$IPrintWithWriter:ab
cljs$core$IRecord:Ya
cljs$core$IReduce:Pa
cljs$core$IReduce$_reduce$dyn_7965:yh
cljs$core$IReversible:Za
cljs$core$ISeq:xa
cljs$core$ISeqable:Ua
cljs$core$ISequential:Wa
cljs$core$ISet:Ja
cljs$core$ITER_SYMBOL:Cb
cljs$core$IVector:Ka
cljs$core$IndexedSeq:E
cljs$core$IndexedSeqIterator:Ub
cljs$core$KeySeq:Re
cljs$core$Keyword:T
cljs$core$LazySeq:Sc
cljs$core$List:Kc
cljs$core$List$EMPTY:H
cljs$core$MapEntry:ge
cljs$core$MetaFn:cc
cljs$core$NeverEquiv:$d
cljs$core$NodeIterator:ve
cljs$core$NodeSeq:Fe
cljs$core$PROTOCOL_SENTINEL:C
cljs$core$PersistentArrayMap:V
cljs$core$PersistentArrayMap$EMPTY:od
cljs$core$PersistentArrayMap$HASHMAP_THRESHOLD:Eh
cljs$core$PersistentArrayMap$createAsIfByAssoc:nd
cljs$core$PersistentArrayMap$createAsIfByAssocComplexPath:me
cljs$core$PersistentArrayMapIterator:ie
cljs$core$PersistentArrayMapSeq:he
cljs$core$PersistentHashMap:Oe
cljs$core$PersistentHashMap$EMPTY:pe
cljs$core$PersistentHashSet:We
cljs$core$PersistentHashSet$EMPTY:Fh
cljs$core$PersistentVector:U
cljs$core$PersistentVector$EMPTY:yd
cljs$core$PersistentVector$EMPTY_NODE:Ad
cljs$core$RSeq:Wb
cljs$core$RangedIterator:Kd
cljs$core$Reduced:Kb
cljs$core$StringBufferWriter:nb
cljs$core$Symbol:Ab
cljs$core$TransientArrayMap:oe
cljs$core$TransientHashMap:Pe
cljs$core$TransientHashSet:Xe
cljs$core$TransientVector:Yd
cljs$core$ValSeq:Te
cljs$core$VectorNode:Ed
cljs$core$_:rg
cljs$core$_EQ_:M
cljs$core$_STAR_print_level_STAR_:bf
cljs$core$__destructure_map:pd
cljs$core$_as_transient:cb
cljs$core$_assoc:Da
cljs$core$_assoc_BANG_:fb
cljs$core$_chunked_first:jb
cljs$core$_chunked_rest:kb
cljs$core$_clj__GT_js:wf
cljs$core$_compare:hb
cljs$core$_conj:va
cljs$core$_conj_BANG_:db
cljs$core$_contains_key_QMARK_:Ca
cljs$core$_count:ra
cljs$core$_deref:La
cljs$core$_drop_first:ib
cljs$core$_empty:ta
cljs$core$_equiv:Sa
cljs$core$_find:Ea
cljs$core$_first:z
cljs$core$_hash:Ta
cljs$core$_indexOf$cljs$0core$0IFn$0_invoke$0arity$03:O
cljs$core$_iterator:mb
cljs$core$_js__GT_clj:zf
cljs$core$_key:Ha
cljs$core$_kv_reduce:Ra
cljs$core$_lastIndexOf$cljs$0core$0IFn$0_invoke$0arity$03:P
cljs$core$_lookup:bc
cljs$core$_meta:Na
cljs$core$_nth:Q
cljs$core$_persistent_BANG_:eb
cljs$core$_pr_writer:bb
cljs$core$_reduce:Dc
cljs$core$_rest:ya
cljs$core$_rseq:$a
cljs$core$_seq:Va
cljs$core$_val:Ia
cljs$core$_with_meta:Oa
cljs$core$_write:B
cljs$core$aclone:ma
cljs$core$apply:md
cljs$core$apply$cljs$0core$0IFn$0_invoke$0arity$02:hd
cljs$core$apply$cljs$0core$0IFn$0_invoke$0arity$03:id
cljs$core$apply$cljs$0core$0IFn$0_invoke$0arity$04:jd
cljs$core$apply$cljs$0core$0IFn$0_invoke$0arity$05:kd
cljs$core$apply_to:ad
cljs$core$apply_to_simple$cljs$0core$0IFn$0_invoke$0arity$03:dd
cljs$core$apply_to_simple$cljs$0core$0IFn$0_invoke$0arity$04:cd
cljs$core$apply_to_simple$cljs$0core$0IFn$0_invoke$0arity$05:ed
cljs$core$apply_to_simple$cljs$0core$0IFn$0_invoke$0arity$06:gd
cljs$core$array_QMARK_:ia
cljs$core$array__GT_transient_hash_map:qe
cljs$core$array_copy:mc
cljs$core$array_for:Jd
cljs$core$array_index_of:fe
cljs$core$array_map:Bf
cljs$core$array_reduce$cljs$0core$0IFn$0_invoke$0arity$02:Nb
cljs$core$array_reduce$cljs$0core$0IFn$0_invoke$0arity$03:Ob
cljs$core$array_reduce$cljs$0core$0IFn$0_invoke$0arity$04:Pb
cljs$core$assoc:Bg
cljs$core$bit_count:Ic
cljs$core$boolean$0:nc
cljs$core$bounded_count:Zc
cljs$core$char_escapes:gf
cljs$core$chunk_append:Yc
cljs$core$chunk_cons:Xc
cljs$core$chunked_seq:Ud
cljs$core$chunked_seq$cljs$0core$0IFn$0_invoke$0arity$04:Sd
cljs$core$chunked_seq$cljs$0core$0IFn$0_invoke$0arity$05:Td
cljs$core$chunked_seq_QMARK_:lc
cljs$core$clj__GT_js:eh
cljs$core$clone_and_set$cljs$0core$0IFn$0_invoke$0arity$03:se
cljs$core$coll_QMARK_:gc
cljs$core$comp:qg
cljs$core$compare:rc
cljs$core$compare_indexed$cljs$0core$0IFn$0_invoke$0arity$02:sc
cljs$core$compare_keywords:Qc
cljs$core$compare_symbols:zb
cljs$core$complement:td
cljs$core$conj:Mc
cljs$core$cons:S
cljs$core$contains_QMARK_:qc
cljs$core$count:K
cljs$core$counted_QMARK_:Qb
cljs$core$create_array_node_seq:Me
cljs$core$create_array_node_seq$cljs$0core$0IFn$0_invoke$0arity$01:Ke
cljs$core$create_array_node_seq$cljs$0core$0IFn$0_invoke$0arity$03:Le
cljs$core$create_inode_seq:Ie
cljs$core$create_inode_seq$cljs$0core$0IFn$0_invoke$0arity$01:Ge
cljs$core$create_inode_seq$cljs$0core$0IFn$0_invoke$0arity$03:He
cljs$core$create_node:De
cljs$core$create_node$cljs$0core$0IFn$0_invoke$0arity$06:Be
cljs$core$create_node$cljs$0core$0IFn$0_invoke$0arity$07:Ce
cljs$core$deref:Mb
cljs$core$do_assoc:Ch
cljs$core$doall$cljs$0core$0IFn$0_invoke$0arity$01:$e
cljs$core$edit_and_set$cljs$0core$0IFn$0_invoke$0arity$04:te
cljs$core$empty:Xb
cljs$core$empty_QMARK_:fc
cljs$core$empty_ordered_hash:zh
cljs$core$empty_unordered_hash:Ah
cljs$core$equiv_map:be
cljs$core$equiv_sequential:Jc
cljs$core$es6_entries_iterator:de
cljs$core$es6_iterator:Gb
cljs$core$es6_iterator_seq:Db
cljs$core$every_QMARK_:sd
cljs$core$filter$cljs$0core$0IFn$0_invoke$0arity$01:ud
cljs$core$filter$cljs$0core$0IFn$0_invoke$0arity$02:vd
cljs$core$first:G
cljs$core$fn__GT_comparator:tc
cljs$core$frequencies:Ze
cljs$core$get:ac
cljs$core$get$cljs$0core$0IFn$0_invoke$0arity$02:R
cljs$core$get$cljs$0core$0IFn$0_invoke$0arity$03:$b
cljs$core$get_in$cljs$0core$0IFn$0_invoke$0arity$02:Dd
cljs$core$hash:xb
cljs$core$hash_collision_node_find_index:ze
cljs$core$hash_combine:yb
cljs$core$hash_ordered_coll:Ib
cljs$core$hash_string:wb
cljs$core$hash_unordered_coll:Jb
cljs$core$identity:Fc
cljs$core$imul:pb
cljs$core$indexed_QMARK_:Rb
cljs$core$inode_kv_reduce:ue
cljs$core$integer_QMARK_:oc
cljs$core$into:ne
cljs$core$into_array$cljs$0core$0IFn$0_invoke$0arity$02:pa
cljs$core$iter_reduce$cljs$0core$0IFn$0_invoke$0arity$02:Bc
cljs$core$iter_reduce$cljs$0core$0IFn$0_invoke$0arity$03:Cc
cljs$core$iterable_QMARK_:Bb
cljs$core$js__GT_clj$cljs$0core$0IFn$0_invoke$0arity$0variadic:Cf
cljs$core$key:Od
cljs$core$key__GT_js$cljs$0core$0IFn$0_invoke$0arity$02:xf
cljs$core$key_test:je
cljs$core$keys:Se
cljs$core$keyword:lf
cljs$core$lift_ns:tf
cljs$core$linear_traversal_nth$cljs$0core$0IFn$0_invoke$0arity$03:Yb
cljs$core$lookup_sentinel:pc
cljs$core$m3_fmix:sb
cljs$core$m3_hash_unencoded_chars:tb
cljs$core$m3_mix_H1:rb
cljs$core$m3_mix_K1:qb
cljs$core$map:X
cljs$core$map_QMARK_:ic
cljs$core$map_entry_QMARK_:Nd
cljs$core$mapv$cljs$0core$0IFn$0_invoke$0arity$02:zd
cljs$core$meta:ec
cljs$core$missing_protocol:w
cljs$core$name:Ye
cljs$core$namespace:Rc
cljs$core$native_satisfies_QMARK_:v
cljs$core$never_equiv:ae
cljs$core$new_path:Hd
cljs$core$next:I
cljs$core$next_STAR_:bd
cljs$core$nil_QMARK_:fa
cljs$core$not:ja
cljs$core$not_empty:qd
cljs$core$nth:Tb
cljs$core$nth$cljs$0core$0IFn$0_invoke$0arity$02:Sb
cljs$core$nth$cljs$0core$0IFn$0_invoke$0arity$03:Zb
cljs$core$pam_grow_seed_array:le
cljs$core$pam_new_size:ke
cljs$core$persistent_BANG_:$c
cljs$core$pr_sequential_writer:ef
cljs$core$pr_str_STAR_:ob
cljs$core$pr_writer:W
cljs$core$pr_writer_impl:of
cljs$core$prim_seq$cljs$0core$0IFn$0_invoke$0arity$02:Vb
cljs$core$print_map:mf
cljs$core$print_meta_QMARK_:kf
cljs$core$print_prefix_map:uf
cljs$core$push_tail:Bh
cljs$core$pv_fresh_node:Fd
cljs$core$pv_reduce$cljs$0core$0IFn$0_invoke$0arity$04:Md
cljs$core$pv_reduce$cljs$0core$0IFn$0_invoke$0arity$05:Ld
cljs$core$quot:Hc
cljs$core$quote_string:hf
cljs$core$re_matches:af
cljs$core$record_QMARK_:jc
cljs$core$reduce:oa
cljs$core$reduce$cljs$0core$0IFn$0_invoke$0arity$03:na
cljs$core$reduce_kv:Ec
cljs$core$reduced_QMARK_:Lb
cljs$core$remove$cljs$0core$0IFn$0_invoke$0arity$02:wd
cljs$core$rest:Eb
cljs$core$reverse:Nc
cljs$core$seq:F
cljs$core$seq_reduce:Ac
cljs$core$seq_reduce$cljs$0core$0IFn$0_invoke$0arity$02:yc
cljs$core$seq_reduce$cljs$0core$0IFn$0_invoke$0arity$03:zc
cljs$core$sequential_QMARK_:hc
cljs$core$sort$cljs$0core$0IFn$0_invoke$0arity$02:vc
cljs$core$sort_by$cljs$0core$0IFn$0_invoke$0arity$02:xc
cljs$core$sort_by$cljs$0core$0IFn$0_invoke$0arity$03:wc
cljs$core$spread:ld
cljs$core$str:Z
cljs$core$str_:y
cljs$core$string_hash_cache:vb
cljs$core$string_hash_cache_count:ub
cljs$core$strip_ns:sf
cljs$core$symbol:rf
cljs$core$t_cljs$0core6795:rd
cljs$core$tail_off:Gd
cljs$core$to_array:uc
cljs$core$transduce$cljs$0core$0IFn$0_invoke$0arity$04:Gc
cljs$core$truth_:u
cljs$core$tv_editable_root:Wd
cljs$core$tv_editable_tail:Xd
cljs$core$tv_ensure_editable:Vd
cljs$core$tv_push_tail:Dh
cljs$core$type:ka
cljs$core$type__GT_str:la
cljs$core$unchecked_array_for:Id
cljs$core$val:Pd
cljs$core$vals:Ue
cljs$core$vec:Qd
cljs$core$vector_QMARK_:kc
cljs$core$with_meta:dc
cljs$core$write_all$cljs$0core$0IFn$0_invoke$0arity$0variadic:ff
cljs$cst$1$readably:nf
cljs$cst$10$fallback_impl:qf
cljs$cst$100$source:Cg
cljs$cst$101$count:Eg
cljs$cst$102$hosts:Dg
cljs$cst$103$age_days:Fg
cljs$cst$104$domain:tg
cljs$cst$105$software:ig
cljs$cst$106$counts:lg
cljs$cst$107$total:mg
cljs$cst$108$unknown:ng
cljs$cst$109$unknown_ratio:og
cljs$cst$110$mac:Jh
cljs$cst$111$scope_of:Mg
cljs$cst$112$instant:Lg
cljs$cst$115$key:Og
cljs$cst$116$n:Pg
cljs$cst$118$body:yg
cljs$cst$119$usage:zg
cljs$cst$12$status:xg
cljs$cst$120$register:Gg
cljs$cst$121$digest:Rg
cljs$cst$122$error:Tg
cljs$cst$123$note:Ug
cljs$cst$124$sells:Vg
cljs$cst$125$by_category:Xg
cljs$cst$126$unknown_ratio:Yg
cljs$cst$127$by_source:Zg
cljs$cst$128$unclassified:ah
cljs$cst$129$found:bh
cljs$cst$130$biscuit_SLASH_no_root_key_configured:nh
cljs$cst$131$at:Kh
cljs$cst$2$meta:jf
cljs$cst$20$keyword_fn:Gh
cljs$cst$21$keywordize_keys:Af
cljs$cst$4$print_length:cf
cljs$cst$59$ok:Pf
cljs$cst$6$cljs_DOT_core_SLASH_not_found:$g
cljs$cst$62$path:Nf
cljs$cst$63$path_prefix:Gf
cljs$cst$64$method:Ff
cljs$cst$65$usd:$f
cljs$cst$66$dimension:Jg
cljs$cst$67$query:Hh
cljs$cst$68$description:Yf
cljs$cst$69$prefix:ch
cljs$cst$71$selling_QMARK_:Jf
cljs$cst$72$reason:Kf
cljs$cst$73$unconfigured:Lf
cljs$cst$74$would_sell:Mf
cljs$cst$75$malformed_address:Sf
cljs$cst$76$no_priced_resources:Of
cljs$cst$77$pay_to:Qf
cljs$cst$78$selling:Rf
cljs$cst$79$x402Version:Uf
cljs$cst$8$more_marker:df
cljs$cst$80$seller:Vf
cljs$cst$81$schemes:Wf
cljs$cst$82$resources:Xf
cljs$cst$83$price:Zf
cljs$cst$84$asset:ag
cljs$cst$85$network:bg
cljs$cst$86$payTo:cg
cljs$cst$87$caller:Cd
cljs$cst$88$scope:Kg
cljs$cst$89$auth:lh
cljs$cst$9$alt_impl:pf
cljs$cst$90$payer:jh
cljs$cst$91$chain_id:kh
cljs$cst$92$principal:Bd
cljs$cst$93$allowed_QMARK_:mh
cljs$cst$94$refuse:ph
cljs$cst$95$biscuit_SLASH_not_authorized:qh
cljs$cst$96$biscuit_SLASH_no_scope_in_token:rh
cljs$cst$97$rows:Sg
cljs$cst$98$summary:Wg
cljs$cst$99$as_of:gg
clojure$string$blank_QMARK_:Ef
goog$UID_PROPERTY_:uh
goog$string$StringBuffer:ea
goog$string$internal$trim:If
goog$typeOf:t
goog$uidCounter_:vh
hanmoto$census$by_category:pg
hanmoto$census$host_software:jg
hanmoto$census$lookup:ug
hanmoto$census$software__GT_category:kg
hanmoto$census$unclassified_software:sg
hanmoto$edge$json:fh
hanmoto$edge$load_register:ih
hanmoto$edge$principal_of:sh
hanmoto$edge$r2_json:hh
hanmoto$edge$record_usage_BANG_:th
hanmoto$edge$sha256_hex:gh
hanmoto$offer$document:dg
hanmoto$offer$offer_status:Tf
hanmoto$offer$priced_resources:xd
hanmoto$offer$resource_for:Hf
hanmoto$principal$anonymous:oh
hanmoto$register$age_days:hg
hanmoto$register$civil_days:fg
hanmoto$register$parse_int:eg
hanmoto$serve$err:Ig
hanmoto$serve$handle:dh
hanmoto$serve$json_ok:Ag
hanmoto$serve$records_for:Qg
hanmoto$serve$with_provenance:Hg
hanmoto$usage$dimensions:Ng
hanmoto$usage$month_of:vg
hanmoto$usage$scope:wg
i$jscomp$inline_554:Oh
ks$jscomp$inline_551:Lh
len$jscomp$inline_553:Nh
module$contents$goog$array_defaultCompare:ba
module$contents$goog$array_sort:ca
module$contents$goog$array_stableSort:da
module$contents$goog$object_getKeys:aa
out$jscomp$inline_555:Ph
vs$jscomp$inline_552:Mh
